/home/ma-user/anaconda3/envs/pdexplorer/lib/python3.12/site-packages/torchvision/models/_utils.py:208: UserWarning: The parameter 'pretrained' is deprecated since 0.13 and may be removed in the future, please use 'weights' instead.
  warnings.warn(
/home/ma-user/anaconda3/envs/pdexplorer/lib/python3.12/site-packages/torchvision/models/_utils.py:223: UserWarning: Arguments other than a weight enum or `None` for 'weights' are deprecated since 0.13 and may be removed in the future. The current behavior is equivalent to passing `weights=ResNet18_Weights.IMAGENET1K_V1`. You can also use `weights=ResNet18_Weights.DEFAULT` to get the most up-to-date weights.
  warnings.warn(msg)
Extracting features for CIFAR-10...

Running for ResNet-18
Extracting features...
m_star = 509
Average theoretical bound original: 5.095535926481073
Average theoretical bound PCA: 5.067193359513088
1-NN accuracy original: 0.37
1-NN accuracy PCA: 0.37
K-means accuracy original: 0.328
K-means accuracy PCA: 0.328
1-NN accuracy ZCA: 0.1

Running for SimCLR v2
/home/ma-user/anaconda3/envs/pdexplorer/lib/python3.12/site-packages/torchvision/models/_utils.py:208: UserWarning: The parameter 'pretrained' is deprecated since 0.13 and may be removed in the future, please use 'weights' instead.
  warnings.warn(
/home/ma-user/anaconda3/envs/pdexplorer/lib/python3.12/site-packages/torchvision/models/_utils.py:223: UserWarning: Arguments other than a weight enum or `None` for 'weights' are deprecated since 0.13 and may be removed in the future. The current behavior is equivalent to passing `weights=ResNet34_Weights.IMAGENET1K_V1`. You can also use `weights=ResNet34_Weights.DEFAULT` to get the most up-to-date weights.
  warnings.warn(msg)
Downloading: "https://download.pytorch.org/models/resnet34-b627a593.pth" to /home/ma-user/.cache/torch/hub/checkpoints/resnet34-b627a593.pth
100%|███████████████████████████████████████████████████████████████████████████| 83.3M/83.3M [04:18<00:00, 338kB/s]
Extracting features...
m_star = 509
Average theoretical bound original: 0.48879174522737456
Average theoretical bound PCA: 0.4860729707996429
1-NN accuracy original: 0.4
1-NN accuracy PCA: 0.4
K-means accuracy original: 0.292
K-means accuracy PCA: 0.292
1-NN accuracy ZCA: 0.08

Running for Barlow Twins
/home/ma-user/anaconda3/envs/pdexplorer/lib/python3.12/site-packages/torchvision/models/_utils.py:208: UserWarning: The parameter 'pretrained' is deprecated since 0.13 and may be removed in the future, please use 'weights' instead.
  warnings.warn(
/home/ma-user/anaconda3/envs/pdexplorer/lib/python3.12/site-packages/torchvision/models/_utils.py:223: UserWarning: Arguments other than a weight enum or `None` for 'weights' are deprecated since 0.13 and may be removed in the future. The current behavior is equivalent to passing `weights=ResNet50_Weights.IMAGENET1K_V1`. You can also use `weights=ResNet50_Weights.DEFAULT` to get the most up-to-date weights.
  warnings.warn(msg)
Downloading: "https://download.pytorch.org/models/resnet50-0676ba61.pth" to /home/ma-user/.cache/torch/hub/checkpoints/resnet50-0676ba61.pth
100%|██████████████████████████████████████████████████████████████████████████| 97.8M/97.8M [00:03<00:00, 33.4MB/s]
Extracting features...
m_star = 509
Average theoretical bound original: 0.639797222755708
Average theoretical bound PCA: 0.16534848664137333
1-NN accuracy original: 0.44
1-NN accuracy PCA: 0.44
K-means accuracy original: 0.316
K-means accuracy PCA: 0.314
1-NN accuracy ZCA: 0.14

Running for VICReg
/home/ma-user/anaconda3/envs/pdexplorer/lib/python3.12/site-packages/torchvision/models/_utils.py:208: UserWarning: The parameter 'pretrained' is deprecated since 0.13 and may be removed in the future, please use 'weights' instead.
  warnings.warn(
/home/ma-user/anaconda3/envs/pdexplorer/lib/python3.12/site-packages/torchvision/models/_utils.py:223: UserWarning: Arguments other than a weight enum or `None` for 'weights' are deprecated since 0.13 and may be removed in the future. The current behavior is equivalent to passing `weights=ResNet101_Weights.IMAGENET1K_V1`. You can also use `weights=ResNet101_Weights.DEFAULT` to get the most up-to-date weights.
  warnings.warn(msg)
Downloading: "https://download.pytorch.org/models/resnet101-63fe2227.pth" to /home/ma-user/.cache/torch/hub/checkpoints/resnet101-63fe2227.pth
100%|████████████████████████████████████████████████████████████████████████████| 171M/171M [00:03<00:00, 48.6MB/s]
Extracting features...
m_star = 509
Average theoretical bound original: 0.34948837476610195
Average theoretical bound PCA: 0.09032138904484255
1-NN accuracy original: 0.39
1-NN accuracy PCA: 0.41
K-means accuracy original: 0.266
K-means accuracy PCA: 0.264
1-NN accuracy ZCA: 0.09
For CIFAR-100, m_star would be larger, accuracy similar pattern.